This is a test log!
This is a test log!
This is a test log!
This is a test log!
This is a test log!
This is a test log!
This is a test log!